// Jest Snapshot v1, https://goo.gl/fbAQLP

exports[`FreeMarket contract I can deposit 1`] = `
Array [
  Object {
    "args": Array [
      "0x2Ba7ab10fC7f42E576C4E6092C772563eFFC8159",
      "0x389ABaC16AE9AB8A886E205Da04bDA01e4A1F20c",
      Object {
        "hex": "0x02faf080",
        "type": "BigNumber",
      },
    ],
    "name": "",
  },
  Object {
    "args": Array [
      "0x2Ba7ab10fC7f42E576C4E6092C772563eFFC8159",
      Object {
        "hex": "0x02faf080",
        "type": "BigNumber",
      },
      "0xA0b86991c6218b36c1d19D4a2e9Eb0cE3606eB48",
    ],
    "name": "Deposit",
  },
]
`;
